[digitedia-sa.com/ar/index.html]
[backblue.gif]
[fade.gif]
[index.html]
[digitedia-sa.com/wp-includes/css/dist/block-library/style-rtl.min0899.css]
[digitedia-sa.com/ar/feed/index.html]
[digitedia-sa.com/wp-content/plugins/formcraft-form-builder/assets/css/form.main374a.css]
[digitedia-sa.com/wp-content/plugins/formcraft-form-builder/assets/css/common-elements374a.css]
[digitedia-sa.com/wp-content/plugins/formcraft3/dist/formcraft-common44d4.css]
[digitedia-sa.com/wp-content/plugins/formcraft3/dist/form44d4.css]
[digitedia-sa.com/wp-content/plugins/salient-nectar-slider/css/nectar-slider1a7b.css]
[digitedia-sa.com/wp-content/plugins/translatepress-multilingual/assets/css/trp-language-switcher5fac.css]
[digitedia-sa.com/wp-content/plugins/elementor/assets/lib/font-awesome/css/font-awesome.min1849.css]
[digitedia-sa.com/wp-content/themes/salient/css/build/grid-systembc7c.css]
[digitedia-sa.com/wp-content/themes/salient/css/build/stylebc7c.css]
[digitedia-sa.com/wp-content/themes/salient/css/build/elements/element-animated-titlebc7c.css]
[digitedia-sa.com/wp-content/themes/salient/css/build/elements/element-togglesbc7c.css]
[digitedia-sa.com/wp-content/themes/salient/css/build/elements/element-video-lightboxbc7c.css]
[digitedia-sa.com/wp-content/themes/salient/css/build/elements/element-clientsbc7c.css]
[digitedia-sa.com/wp-content/themes/salient/css/build/elements/element-milestonebc7c.css]
[digitedia-sa.com/wp-content/themes/salient/css/build/elements/element-wpb-column-borderbc7c.css]
[digitedia-sa.com/wp-content/themes/salient/css/build/third-party/wpformsbc7c.css]
[digitedia-sa.com/wp-content/themes/salient/css/nectar-brandsbc7c.css]
[digitedia-sa.com/wp-content/themes/salient/css/build/responsivebc7c.css]
[digitedia-sa.com/wp-content/themes/salient/css/build/plugins/flickitybc7c.css]
[digitedia-sa.com/ar/comments/feed/index.html]
[digitedia-sa.com/wp-content/themes/salient/css/build/skin-materialbc7c.css]
[digitedia-sa.com/wp-content/uploads/salient/menu-dynamicdeea.css]
[digitedia-sa.com/wp-content/plugins/js_composer_salient/assets/css/js_composer.mind03b.css]
[digitedia-sa.com/wp-content/themes/salient/css/salient-dynamic-styles8435.css]
[digitedia-sa.com/wp-content/themes/salient-child/stylebc7c.css]
[digitedia-sa.com/wp-content/themes/salient/rtl68b3.css]
[digitedia-sa.com/wp-includes/js/jquery/jquery-migrate.min5589.js]
[digitedia-sa.com/wp-includes/js/jquery/jquery.minf43b.js]
[digitedia-sa.com/ar/wp-json/index.html]
[digitedia-sa.com/ar/wp-json/wp/v2/pages/2948.json]
[digitedia-sa.com/ar/wp-json/oembed/1.0/embed048b.json]
[digitedia-sa.com/ar/wp-json/oembed/1.0/embedf17d]
[digitedia-sa.com/wp-content/uploads/2025/03/cropped-favicon-32x32.png]
[digitedia-sa.com/wp-content/uploads/2025/03/cropped-favicon-192x192.png]
[digitedia-sa.com/wp-content/uploads/2025/03/cropped-favicon-180x180.png]
[digitedia-sa.com/wp-content/plugins/translatepress-multilingual/assets/images/flags/en_US.png]
[digitedia-sa.com/wp-content/uploads/2025/05/sd2.jpg]
[digitedia-sa.com/wp-content/uploads/2025/05/sd2-1.jpg]
[digitedia-sa.com/wp-content/uploads/2025/05/sd2-4.jpg]
[digitedia-sa.com/wp-content/uploads/2025/05/sd2-5.jpg]
[digitedia-sa.com/wp-content/uploads/2025/05/sddefault.jpg]
[digitedia-sa.com/wp-content/uploads/2025/05/sddefault-1.jpg]
[digitedia-sa.com/wp-content/uploads/2025/05/sd2-6.jpg]
[digitedia-sa.com/wp-content/uploads/2025/05/sd2-7.jpg]
[digitedia-sa.com/wp-content/uploads/2025/05/sd2-9.jpg]
[digitedia-sa.com/wp-content/uploads/2025/05/sd2-8.jpg]
[digitedia-sa.com/wp-content/uploads/2025/05/sd2-2.jpg]
[digitedia-sa.com/wp-content/uploads/2025/05/sd2-3.jpg]
[digitedia-sa.com/wp-content/uploads/2025/03/marketing.png]
[digitedia-sa.com/wp-content/uploads/2025/03/writer.png]
[digitedia-sa.com/wp-content/uploads/2025/03/bullhorn.png]
[digitedia-sa.com/wp-content/uploads/2025/03/key-performance-indicator.png]
[digitedia-sa.com/wp-content/uploads/2025/03/56.jpg]
[digitedia-sa.com/wp-content/uploads/2025/03/search.png]
[digitedia-sa.com/wp-content/uploads/2025/03/developing.png]
[digitedia-sa.com/wp-content/uploads/2025/03/simplicity.png]
[digitedia-sa.com/wp-content/uploads/2025/03/web-page.png]
[digitedia-sa.com/wp-content/uploads/2025/03/statistics.png]
[digitedia-sa.com/wp-content/uploads/2025/03/web-page-1.png]
[digitedia-sa.com/wp-content/uploads/2025/03/statistics-1.png]
[digitedia-sa.com/wp-content/uploads/2025/03/5.jpg]
[digitedia-sa.com/wp-content/uploads/2025/03/6.jpg]
[digitedia-sa.com/wp-content/uploads/2025/03/7.jpg]
[digitedia-sa.com/wp-content/uploads/2025/03/8.jpg]
[digitedia-sa.com/wp-content/uploads/2025/03/10.jpg]
[digitedia-sa.com/wp-content/uploads/2025/03/11.jpg]
[digitedia-sa.com/wp-content/uploads/2025/03/12.jpg]
[digitedia-sa.com/wp-content/uploads/2025/03/13.jpg]
[digitedia-sa.com/wp-content/uploads/2025/03/14.jpg]
[digitedia-sa.com/wp-content/uploads/2025/03/15.jpg]
[digitedia-sa.com/wp-content/uploads/2025/03/9.jpg]
[digitedia-sa.com/wp-content/uploads/2025/03/16.jpg]
[digitedia-sa.com/wp-content/uploads/2025/03/17.jpg]
[digitedia-sa.com/wp-content/uploads/2025/03/18.jpg]
[digitedia-sa.com/wp-content/uploads/2025/03/19.jpg]
[digitedia-sa.com/wp-content/uploads/2025/03/20.jpg]
[digitedia-sa.com/wp-content/uploads/2025/03/21.jpg]
[digitedia-sa.com/wp-content/uploads/2025/03/22.jpg]
[digitedia-sa.com/wp-content/uploads/2025/03/23.jpg]
[digitedia-sa.com/wp-content/uploads/2025/03/24.jpg]
[digitedia-sa.com/wp-content/uploads/2025/03/25.jpg]
[digitedia-sa.com/wp-content/uploads/2025/03/26.jpg]
[digitedia-sa.com/wp-content/uploads/2025/03/27.jpg]
[digitedia-sa.com/wp-content/uploads/2025/03/Untitled-1.jpg]
[digitedia-sa.com/wp-content/uploads/2025/03/Untitled-2.jpg]
[digitedia-sa.com/wp-content/uploads/2025/03/Untitled-3.jpg]
[digitedia-sa.com/wp-content/uploads/2025/03/Untitled-4.jpg]
[digitedia-sa.com/wp-content/plugins/elementor/assets/css/frontend-rtl.min0d09.css]
[digitedia-sa.com/wp-content/uploads/elementor/css/post-2933bafc.css]
[digitedia-sa.com/wp-content/plugins/elementor/assets/css/widget-heading-rtl.min0d09.css]
[digitedia-sa.com/wp-content/plugins/elementor-pro/assets/css/modules/motion-fx.min87cc.css]
[digitedia-sa.com/wp-content/plugins/elementor-pro/assets/css/widget-form-rtl.min87cc.css]
[digitedia-sa.com/wp-content/plugins/fluentform/assets/css/fluent-forms-elementor-widget1eb7.css]
[digitedia-sa.com/wp-content/themes/salient/css/build/style-non-criticalbc7c.css]
[digitedia-sa.com/wp-content/themes/salient/css/build/plugins/jquery.fancybox3d36.css]
[digitedia-sa.com/wp-content/themes/salient/css/build/off-canvas/corebc7c.css]
[digitedia-sa.com/wp-content/themes/salient/css/build/off-canvas/fullscreen-legacybc7c.css]
[digitedia-sa.com/wp-content/uploads/elementor/css/post-2765bafc.css]
[digitedia-sa.com/wp-content/plugins/elementor-pro/assets/css/conditionals/popup.min87cc.css]
[digitedia-sa.com/wp-content/uploads/elementor/css/post-271024a0.css]
[digitedia-sa.com/wp-content/uploads/elementor/google-fonts/css/ibmplexsansarabic2eb0.css]
[digitedia-sa.com/wp-content/uploads/elementor/google-fonts/css/robotof610.css]
[digitedia-sa.com/wp-content/uploads/elementor/google-fonts/css/robotoslab404c.css]
[digitedia-sa.com/wp-content/plugins/translatepress-multilingual/assets/js/trp-translate-dom-changes5fac.js]
[digitedia-sa.com/wp-content/themes/salient/js/build/third-party/anime.min8686.js]
[digitedia-sa.com/wp-content/plugins/salient-nectar-slider/js/nectar-slider1a7b.js]
[digitedia-sa.com/wp-content/plugins/duracelltomi-google-tag-manager/dist/js/gtm4wp-contact-form-7-trackered48.js]
[digitedia-sa.com/wp-content/themes/salient/js/build/third-party/jquery.easing.min4e44.js]
[digitedia-sa.com/wp-content/themes/salient/js/build/third-party/jquery.mousewheel.mina9d5.js]
[digitedia-sa.com/wp-content/themes/salient/js/build/prioritybc7c.js]
[digitedia-sa.com/wp-content/themes/salient/js/build/nectar-slider-prioritybc7c.js]
[digitedia-sa.com/wp-content/themes/salient/js/build/third-party/transit.mine2dc.js]
[digitedia-sa.com/wp-content/themes/salient/js/build/third-party/waypoints05da.js]
[digitedia-sa.com/wp-content/plugins/salient-portfolio/js/third-party/imagesLoaded.mineda1.js]
[digitedia-sa.com/wp-content/themes/salient/js/build/third-party/hoverintent.min3aa8.js]
[digitedia-sa.com/wp-content/themes/salient/js/build/third-party/jquery.fancybox7558.js]
[digitedia-sa.com/wp-content/themes/salient/js/build/elements/nectar-animated-gradientbc7c.js]
[digitedia-sa.com/wp-content/themes/salient/js/build/third-party/flickity254d.js]
[digitedia-sa.com/wp-content/themes/salient/js/build/third-party/superfish0322.js]
[digitedia-sa.com/wp-content/plugins/salient-core/js/third-party/touchswipe.min5152.js]
[digitedia-sa.com/wp-content/themes/salient/js/build/initbc7c.js]
[digitedia-sa.com/wp-content/plugins/js_composer_salient/assets/js/dist/js_composer_front.mind03b.js]
[digitedia-sa.com/wp-content/plugins/elementor/assets/js/webpack.runtime.min0d09.js]
[digitedia-sa.com/wp-content/plugins/elementor/assets/js/frontend-modules.min0d09.js]
[digitedia-sa.com/wp-includes/js/jquery/ui/core.minb37e.js]
[digitedia-sa.com/wp-content/plugins/elementor/assets/js/frontend.min0d09.js]
[digitedia-sa.com/wp-content/plugins/elementor-pro/assets/js/webpack-pro.runtime.min87cc.js]
[digitedia-sa.com/wp-includes/js/dist/hooks.min4fdd.js]
[digitedia-sa.com/wp-includes/js/dist/i18n.minc33c.js]
[digitedia-sa.com/wp-content/plugins/elementor-pro/assets/js/frontend.min87cc.js]
[digitedia-sa.com/ar/index.html]
[digitedia-sa.com/wp-includes/css/dist/block-library/style-rtl.min0899.css]
[digitedia-sa.com/wp-content/plugins/formcraft-form-builder/assets/css/form.main374a.css]
[digitedia-sa.com/wp-content/plugins/formcraft-form-builder/assets/css/common-elements374a.css]
[digitedia-sa.com/wp-content/plugins/formcraft3/dist/formcraft-common44d4.css]
[digitedia-sa.com/wp-content/plugins/formcraft3/dist/form44d4.css]
[digitedia-sa.com/wp-content/plugins/elementor-pro/assets/js/elements-handlers.min87cc.js]
[digitedia-sa.com/wp-content/plugins/salient-nectar-slider/img/textures/grid.png]
[digitedia-sa.com/wp-content/plugins/salient-nectar-slider/css/nectar-slider1a7b.css]
[digitedia-sa.com/wp-content/plugins/translatepress-multilingual/assets/css/trp-language-switcher5fac.css]
[digitedia-sa.com/wp-content/plugins/elementor/assets/lib/font-awesome/css/font-awesome.min1849.css]
[digitedia-sa.com/wp-content/themes/salient/css/build/grid-systembc7c.css]
[digitedia-sa.com/wp-content/themes/salient/img/icons/loading-white-bg.gif]
[digitedia-sa.com/wp-content/themes/salient/img/icons/quote.png]
[digitedia-sa.com/wp-content/themes/salient/img/icons/link.png]
[digitedia-sa.com/wp-content/themes/salient/img/icons/status.png]
[digitedia-sa.com/wp-content/themes/salient/img/icons/quote-2x.png]
[digitedia-sa.com/wp-content/themes/salient/img/icons/link-2x.png]
[digitedia-sa.com/wp-content/themes/salient/img/icons/portfolio-arrows.png]
[digitedia-sa.com/wp-content/themes/salient/img/icons/portfolio-arrows-2x.png]
[digitedia-sa.com/wp-content/themes/salient/img/icons/comment-children-line.jpg]
[digitedia-sa.com/wp-content/themes/salient/css/build/stylebc7c.css]
[digitedia-sa.com/wp-content/themes/salient/css/build/elements/element-animated-titlebc7c.css]
[digitedia-sa.com/wp-content/themes/salient/css/build/elements/element-togglesbc7c.css]
[digitedia-sa.com/wp-content/themes/salient/css/build/elements/element-video-lightboxbc7c.css]
[digitedia-sa.com/wp-content/themes/salient/css/build/elements/element-clientsbc7c.css]
[digitedia-sa.com/wp-content/themes/salient/css/build/elements/element-milestonebc7c.css]
[digitedia-sa.com/wp-content/themes/salient/css/build/elements/element-wpb-column-borderbc7c.css]
[digitedia-sa.com/wp-content/themes/salient/css/build/third-party/wpformsbc7c.css]
[digitedia-sa.com/wp-content/themes/salient/css/fonts/nectar-brandsc619.eot]
[digitedia-sa.com/wp-content/themes/salient/css/fonts/nectar-brandsd41d.eot]
[digitedia-sa.com/wp-content/themes/salient/css/fonts/nectar-brandsc619.woff]
[digitedia-sa.com/wp-content/themes/salient/css/fonts/nectar-brandsc619.ttf]
[digitedia-sa.com/wp-content/themes/salient/css/nectar-brandsbc7c.css]
[digitedia-sa.com/wp-content/themes/salient/css/build/responsivebc7c.css]
[digitedia-sa.com/wp-content/themes/salient/css/build/plugins/flickitybc7c.css]
[digitedia-sa.com/wp-content/themes/salient/css/build/skin-materialbc7c.css]
[digitedia-sa.com/wp-content/uploads/salient/menu-dynamicdeea.css]
[digitedia-sa.com/wp-content/themes/salient/css/fonts/nectar-brandsc619.svg]
[digitedia-sa.com/wp-content/plugins/js_composer_salient/assets/images/toggle_open.png]
[digitedia-sa.com/wp-content/plugins/js_composer_salient/assets/images/toggle_close.png]
[digitedia-sa.com/wp-content/plugins/js_composer_salient/assets/images/spinner.gif]
[digitedia-sa.com/wp-content/plugins/js_composer_salient/assets/vc/tick.png]
[digitedia-sa.com/wp-content/plugins/js_composer_salient/assets/vc/remove.png]
[digitedia-sa.com/wp-content/plugins/js_composer_salient/assets/css/js_composer.mind03b.css]
[digitedia-sa.com/wp-content/themes/salient/css/salient-dynamic-styles8435.css]
[digitedia-sa.com/wp-content/themes/salient-child/stylebc7c.css]
[digitedia-sa.com/wp-content/themes/salient/rtl68b3.css]
[digitedia-sa.com/wp-includes/js/jquery/jquery.minf43b.js]
[digitedia-sa.com/wp-includes/js/jquery/jquery-migrate.min5589.js]
[www.googletagmanager.com/gtm5445.html]
[digitedia-sa.com/wp-content/plugins/elementor/assets/css/frontend-rtl.min0d09.css]
[digitedia-sa.com/wp-content/uploads/elementor/css/post-2933bafc.css]
[digitedia-sa.com/wp-content/plugins/elementor/assets/css/widget-heading-rtl.min0d09.css]
[digitedia-sa.com/wp-content/plugins/elementor-pro/assets/css/modules/motion-fx.min87cc.css]
[digitedia-sa.com/wp-content/plugins/elementor-pro/assets/css/widget-form-rtl.min87cc.css]
[digitedia-sa.com/wp-content/plugins/fluentform/assets/css/fluent-forms-elementor-widget1eb7.css]
[digitedia-sa.com/wp-content/themes/salient/css/build/style-non-criticalbc7c.css]
[digitedia-sa.com/wp-content/themes/salient/css/build/plugins/jquery.fancybox3d36.css]
[digitedia-sa.com/wp-content/themes/salient/css/build/off-canvas/corebc7c.css]
[digitedia-sa.com/wp-content/themes/salient/css/build/off-canvas/fullscreen-legacybc7c.css]
[digitedia-sa.com/wp-content/uploads/elementor/css/post-2765bafc.css]
[digitedia-sa.com/wp-content/plugins/elementor-pro/assets/css/conditionals/popup.min87cc.css]
[digitedia-sa.com/wp-content/uploads/elementor/css/post-271024a0.css]
[digitedia-sa.com/wp-content/uploads/elementor/google-fonts/css/ibmplexsansarabic2eb0.css]
[digitedia-sa.com/wp-content/uploads/elementor/google-fonts/css/robotof610.css]
[digitedia-sa.com/wp-content/uploads/elementor/google-fonts/css/robotoslab404c.css]
[digitedia-sa.com/wp-content/plugins/translatepress-multilingual/assets/js/trp-translate-dom-changes5fac.js]
[digitedia-sa.com/wp-content/themes/salient/js/build/third-party/anime.min8686.js]
[digitedia-sa.com/wp-content/plugins/salient-nectar-slider/js/nectar-slider1a7b.js]
[digitedia-sa.com/wp-content/plugins/duracelltomi-google-tag-manager/dist/js/gtm4wp-contact-form-7-trackered48.js]
[digitedia-sa.com/wp-content/themes/salient/js/build/third-party/jquery.easing.min4e44.js]
[digitedia-sa.com/wp-content/themes/salient/js/build/third-party/jquery.mousewheel.mina9d5.js]
[digitedia-sa.com/wp-content/themes/salient/js/build/prioritybc7c.js]
[digitedia-sa.com/wp-content/themes/salient/js/build/nectar-slider-prioritybc7c.js]
[digitedia-sa.com/wp-content/themes/salient/js/build/third-party/transit.mine2dc.js]
[digitedia-sa.com/wp-content/themes/salient/js/build/third-party/waypoints05da.js]
[digitedia-sa.com/wp-content/plugins/salient-portfolio/js/third-party/imagesLoaded.mineda1.js]
[digitedia-sa.com/wp-content/themes/salient/js/build/third-party/hoverintent.min3aa8.js]
[digitedia-sa.com/wp-content/themes/salient/js/build/third-party/jquery.fancybox7558.js]
[digitedia-sa.com/wp-content/themes/salient/js/build/elements/nectar-animated-gradientbc7c.js]
[digitedia-sa.com/wp-content/themes/salient/js/build/third-party/flickity254d.js]
[digitedia-sa.com/wp-content/themes/salient/js/build/third-party/superfish0322.js]
[digitedia-sa.com/ar/location]
[digitedia-sa.com/wp-content/themes/salient/js/build/initbc7c.js]
[digitedia-sa.com/wp-content/plugins/salient-core/js/third-party/touchswipe.min5152.js]
[apis.google.com/js/plusone.js]
[digitedia-sa.com/ar/Edge/index.html]
[assets.pinterest.com/js/pinit.js]
[digitedia-sa.com/wp-content/plugins/js_composer_salient/assets/js/dist/js_composer_front.mind03b.js]
[digitedia-sa.com/wp-content/plugins/elementor/assets/js/webpack.runtime.min0d09.js]
[digitedia-sa.com/wp-content/plugins/elementor/assets/js/frontend-modules.min0d09.js]
[digitedia-sa.com/wp-includes/js/jquery/ui/core.minb37e.js]
[digitedia-sa.com/wp-content/plugins/elementor/assets/js/frontend.min0d09.js]
[digitedia-sa.com/wp-content/plugins/elementor-pro/assets/js/webpack-pro.runtime.min87cc.js]
[digitedia-sa.com/wp-includes/js/dist/hooks.min4fdd.js]
[digitedia-sa.com/wp-includes/js/dist/i18n.minc33c.js]
[digitedia-sa.com/wp-content/plugins/elementor-pro/assets/js/frontend.min87cc.js]
[digitedia-sa.com/ar/window.location.href]
[digitedia-sa.com/wp-content/plugins/elementor-pro/assets/js/elements-handlers.min87cc.js]
[digitedia-sa.com/wp-content/themes/salient/css/fonts/nectar-brandsc619.svg]
[digitedia-sa.com/ar/location.html]
[digitedia-sa.com/ar/Edge/index.html]
[digitedia-sa.com/ar/OPR/index.html]
[digitedia-sa.com/ar/OPR/index.html]
[digitedia-sa.com/ar/window.location.html]
